// Jest Snapshot v1, https://goo.gl/fbAQLP

exports[`Will render ErrorMessage correctly 1`] = `
<Text
  style={
    Object {
      "color": "red",
    }
  }
>
  error
</Text>
`;
